// Jest Snapshot v1, https://goo.gl/fbAQLP

exports[`App Component matches snapshot 1`] = `
<div>
  <div
    class="container"
  >
    <nav
      class="left-nav"
    >
      <a
        class=""
        href="/most-popular"
      >
        Most Popular
      </a>
      <a
        class=""
        href="/book-review"
      >
        Book Review
      </a>
    </nav>
    <div
      class="main-content"
    />
  </div>
</div>
`;

exports[`Articles Component matches snapshot 1`] = `
<div>
  <div>
    Loading...
  </div>
</div>
`;
